Microchip MPLAB XC8 Compiler V2.32

Linker command line:

-W-3 --edf=/opt/microchip/xc8/v2.32/pic/dat/en_msgs.txt -cn \
  -h+dist/default/production/park50n.X.production.sym \
  --cmf=dist/default/production/park50n.X.production.cmf -z -Q18F45K50 \
  -o/tmp/xcXifneaA --defsym=__MPLAB_BUILD=1 \
  -Mdist/default/production/park50n.X.production.map -E1 -ver=XC8 Compiler \
  --acfsm=1493 -ASTACK=0580h-07FFh -pstack=STACK -ACODE=00h-07FFFh \
  -ACONST=00h-07FFFh -ASMALLCONST=0800h-08FFhx120 \
  -AMEDIUMCONST=0800h-07FFFh -ACOMRAM=01h-05Fh -AABS1=00h-07FFh \
  -ABIGRAM=01h-07FFh -ARAM=060h-0FFh,0100h-01FFhx7 -ABANK0=060h-0FFh \
  -ABANK1=0100h-01FFh -ABANK2=0200h-02FFh -ABANK3=0300h-03FFh \
  -ABANK4=0400h-04FFh -ABANK5=0500h-05FFh -ABANK6=0600h-06FFh \
  -ABANK7=0700h-07FFh -ASFR=0F53h-0F5Fh,0F60h-0FFFh \
  -ACONFIG=0300000h-030000Dh -AIDLOC=0200000h-0200007h \
  -AEEDATA=0F00000h-0F000FFh -peeprom_data=EEDATA \
  -preset_vec=00h,intcode=08h,intcodelo,powerup,init -pramtop=0800h \
  -psmallconst=SMALLCONST -pmediumconst=MEDIUMCONST -pconst=CONST \
  -AFARRAM=00h-00h \
  -prdata=COMRAM,nvrram=COMRAM,nvbit=COMRAM,rbss=COMRAM,rbit=COMRAM \
  -pfarbss=FARRAM,fardata=FARRAM,nvFARRAM=FARRAM \
  -pintsave_regs=BIGRAM,bigbss=BIGRAM,bigdata=BIGRAM -pbss=RAM \
  -pidata=CODE,irdata=CODE,ibigdata=CODE,ifardata=CODE -prparam=COMRAM \
  /tmp/xcXjFPNNH.o dist/default/production/park50n.X.production.o 

Object code version is 3.11

Machine type is 18F45K50



                Name                               Link     Load   Length Selector   Space Scale
/tmp/xcXjFPNNH.o
                idloc                            200000   200000        8        0       5
                config                           300000   300000        E        0       4
                init                                 8E       8E        4        4       0
                reset_vec                             0        0        4        0       0
dist/default/production/park50n.X.production.o
                intcode                               8        8       86        4       0
                idloc                            200000   200000        8        0       5
                config                           300000   300000        E        0       4
                temp                                 55       55        1        1       1
                mediumconst                        7E36     7E36      1CA     3F1B       0
                text115                            20E6     20E6      110        4       0
                text114                            2410     2410      10A        4       0
                text113                            2616     2616       F2        4       0
                text112                            1866     1866      144        4       0
                text111                            3402     3402       74        4       0
                text110                            2B0E     2B0E       AC        4       0
                text109                            37D8     37D8       4C        4       0
                text108                            1C2E     1C2E      13E        4       0
                text107                            3624     3624       64        4       0
                text106                            2304     2304      10C        4       0
                text105                            310E     310E       88        4       0
                text104                             54C      54C      35C        4       0
                text103                            145A     145A      174        4       0
                text102                            21F6     21F6      10E        4       0
                text101                            12E4     12E4      176        4       0
                text100                            2708     2708       EA        4       0
                text99                             1EA2     1EA2      126        4       0
                text98                             2A5A     2A5A       B4        4       0
                text97                             1AEC     1AEC      142        4       0
                text96                             2FF6     2FF6       90        4       0
                text95                             3788     3788       50        4       0
                text94                             29A2     29A2       B8        4       0
                text93                             3960     3960       34        4       0
                text92                             3688     3688       60        4       0
                text91                             3A84     3A84       2E        4       0
                text90                             38AA     38AA       42        4       0
                text89                             171A     171A      14C        4       0
                text88                              8A8      8A8      228        4       0
                text86                               92       92      4BA        4       0
                text85                              C98      C98      1B8        4       0
                text84                             3738     3738       50        4       0
                text83                             3AB2     3AB2       2C        4       0
                text82                             3552     3552       6E        4       0
                text81                             19AA     19AA      142        4       0
                text80                              AD0      AD0      1C8        4       0
                text79                              E50      E50      194        4       0
                text78                             2F64     2F64       92        4       0
                text77                             2E36     2E36       98        4       0
                text76                             2D9C     2D9C       9A        4       0
                text75                             27F2     27F2       E6        4       0
                text74                             3DAA     3DAA        4        4       0
                text73                             3DA6     3DA6        4        4       0
                text72                             3DA2     3DA2        4        4       0
                text71                             3A54     3A54       30        4       0
                text70                             3D9E     3D9E        4        4       0
                text69                             3D9A     3D9A        4        4       0
                text68                             3D96     3D96        4        4       0
                text67                             3B9E     3B9E       24        4       0
                text66                             3298     3298       7E        4       0
                text65                             3C6C     3C6C       18        4       0
                text64                             3A24     3A24       30        4       0
                text63                             39F4     39F4       30        4       0
                text62                             39C4     39C4       30        4       0
                text61                             3994     3994       30        4       0
                text60                             3824     3824       44        4       0
                text59                             3D92     3D92        4        4       0
                text58                             3D8E     3D8E        4        4       0
                text57                             3D8A     3D8A        4        4       0
                text56                             3D7C     3D7C        6        4       0
                text55                             3D86     3D86        4        4       0
                text54                             3D76     3D76        6        4       0
                text53                             3D26     3D26        A        4       0
                text52                             3CAE     3CAE       14        4       0
                text51                             3D82     3D82        4        4       0
                text50                             3218     3218       80        4       0
                text49                             3D1A     3D1A        C        4       0
                text48                             3CF2     3CF2       10        4       0
                text47                             3CE2     3CE2       10        4       0
                text46                             28D8     28D8       CA        4       0
                text45                             2BBA     2BBA       AA        4       0
                text44                             3D0E     3D0E        C        4       0
                text43                             3D68     3D68        8        4       0
                text42                             3D60     3D60        8        4       0
                text41                             3D58     3D58        8        4       0
                text40                             3D50     3D50        8        4       0
                text39                             3D48     3D48        8        4       0
                text38                             3D40     3D40        8        4       0
                text37                             3D38     3D38        8        4       0
                text36                             3D02     3D02        C        4       0
                text35                             34E4     34E4       6E        4       0
                text34                             35C0     35C0       64        4       0
                text33                             3CD2     3CD2       10        4       0
                text32                             3C04     3C04       1E        4       0
                text31                             36E8     36E8       50        4       0
                text30                             3D30     3D30        8        4       0
                text29                             3BC2     3BC2       22        4       0
                text28                             2ECE     2ECE       96        4       0
                text27                             3C54     3C54       18        4       0
                text26                             3316     3316       78        4       0
                text25                             3C84     3C84       16        4       0
                text24                             3B54     3B54       26        4       0
                text23                             1FC8     1FC8      11E        4       0
                text22                              FE4      FE4      188        4       0
                text21                             3B2E     3B2E       26        4       0
                text20                             251A     251A       FC        4       0
                text19                             3196     3196       82        4       0
                text18                             3C3C     3C3C       18        4       0
                text17                             3B06     3B06       28        4       0
                text16                             3ADE     3ADE       28        4       0
                text15                             2D00     2D00       9C        4       0
                text14                             3C9A     3C9A       14        4       0
                text13                             3D70     3D70        6        4       0
                text12                             3BE4     3BE4       20        4       0
                text11                             38EC     38EC       40        4       0
                text10                             3868     3868       42        4       0
                text9                              116C     116C      178        4       0
                text8                              15CE     15CE      14C        4       0
                text7                              3C22     3C22       1A        4       0
                text6                              3CC2     3CC2       10        4       0
                text5                              338E     338E       74        4       0
                text4                              3086     3086       88        4       0
                text3                              3B7A     3B7A       24        4       0
                text2                              392C     392C       34        4       0
                text1                              2C64     2C64       9C        4       0
                text0                              1D6C     1D6C      136        4       0
                cstackCOMRAM                          1        1       2B        1       1
                cstackBANK0                          DD       DD       21       60       1
                cstackBANK1                         1EF      1EF        F      100       1
                bssBANK2                            200      200       40      200       1
                bssBANK1                            100      100       EF      100       1
                dataBANK0                            FE       FE        2       60       1
                bssBANK0                             60       60       7D       60       1
                dataCOMRAM                           53       53        2        1       1
                bssCOMRAM                            2C       2C       27        1       1
                cinit                              3476     3476       6E        4       0
                idataBANK0                         3DB0     3DB0        2        4       0
                idataCOMRAM                        3DAE     3DAE        2        4       0

TOTAL           Name                               Link     Load   Length     Space
        CLASS   STACK          

        CLASS   CODE           
                intcode                               8        8       86         0
                init                                 8E       8E        4         0
                reset_vec                             0        0        4         0
                text115                            20E6     20E6      110         0
                text114                            2410     2410      10A         0
                text113                            2616     2616       F2         0
                text112                            1866     1866      144         0
                text111                            3402     3402       74         0
                text110                            2B0E     2B0E       AC         0
                text109                            37D8     37D8       4C         0
                text108                            1C2E     1C2E      13E         0
                text107                            3624     3624       64         0
                text106                            2304     2304      10C         0
                text105                            310E     310E       88         0
                text104                             54C      54C      35C         0
                text103                            145A     145A      174         0
                text102                            21F6     21F6      10E         0
                text101                            12E4     12E4      176         0
                text100                            2708     2708       EA         0
                text99                             1EA2     1EA2      126         0
                text98                             2A5A     2A5A       B4         0
                text97                             1AEC     1AEC      142         0
                text96                             2FF6     2FF6       90         0
                text95                             3788     3788       50         0
                text94                             29A2     29A2       B8         0
                text93                             3960     3960       34         0
                text92                             3688     3688       60         0
                text91                             3A84     3A84       2E         0
                text90                             38AA     38AA       42         0
                text89                             171A     171A      14C         0
                text88                              8A8      8A8      228         0
                text86                               92       92      4BA         0
                text85                              C98      C98      1B8         0
                text84                             3738     3738       50         0
                text83                             3AB2     3AB2       2C         0
                text82                             3552     3552       6E         0
                text81                             19AA     19AA      142         0
                text80                              AD0      AD0      1C8         0
                text79                              E50      E50      194         0
                text78                             2F64     2F64       92         0
                text77                             2E36     2E36       98         0
                text76                             2D9C     2D9C       9A         0
                text75                             27F2     27F2       E6         0
                text74                             3DAA     3DAA        4         0
                text73                             3DA6     3DA6        4         0
                text72                             3DA2     3DA2        4         0
                text71                             3A54     3A54       30         0
                text70                             3D9E     3D9E        4         0
                text69                             3D9A     3D9A        4         0
                text68                             3D96     3D96        4         0
                text67                             3B9E     3B9E       24         0
                text66                             3298     3298       7E         0
                text65                             3C6C     3C6C       18         0
                text64                             3A24     3A24       30         0
                text63                             39F4     39F4       30         0
                text62                             39C4     39C4       30         0
                text61                             3994     3994       30         0
                text60                             3824     3824       44         0
                text59                             3D92     3D92        4         0
                text58                             3D8E     3D8E        4         0
                text57                             3D8A     3D8A        4         0
                text56                             3D7C     3D7C        6         0
                text55                             3D86     3D86        4         0
                text54                             3D76     3D76        6         0
                text53                             3D26     3D26        A         0
                text52                             3CAE     3CAE       14         0
                text51                             3D82     3D82        4         0
                text50                             3218     3218       80         0
                text49                             3D1A     3D1A        C         0
                text48                             3CF2     3CF2       10         0
                text47                             3CE2     3CE2       10         0
                text46                             28D8     28D8       CA         0
                text45                             2BBA     2BBA       AA         0
                text44                             3D0E     3D0E        C         0
                text43                             3D68     3D68        8         0
                text42                             3D60     3D60        8         0
                text41                             3D58     3D58        8         0
                text40                             3D50     3D50        8         0
                text39                             3D48     3D48        8         0
                text38                             3D40     3D40        8         0
                text37                             3D38     3D38        8         0
                text36                             3D02     3D02        C         0
                text35                             34E4     34E4       6E         0
                text34                             35C0     35C0       64         0
                text33                             3CD2     3CD2       10         0
                text32                             3C04     3C04       1E         0
                text31                             36E8     36E8       50         0
                text30                             3D30     3D30        8         0
                text29                             3BC2     3BC2       22         0
                text28                             2ECE     2ECE       96         0
                text27                             3C54     3C54       18         0
                text26                             3316     3316       78         0
                text25                             3C84     3C84       16         0
                text24                             3B54     3B54       26         0
                text23                             1FC8     1FC8      11E         0
                text22                              FE4      FE4      188         0
                text21                             3B2E     3B2E       26         0
                text20                             251A     251A       FC         0
                text19                             3196     3196       82         0
                text18                             3C3C     3C3C       18         0
                text17                             3B06     3B06       28         0
                text16                             3ADE     3ADE       28         0
                text15                             2D00     2D00       9C         0
                text14                             3C9A     3C9A       14         0
                text13                             3D70     3D70        6         0
                text12                             3BE4     3BE4       20         0
                text11                             38EC     38EC       40         0
                text10                             3868     3868       42         0
                text9                              116C     116C      178         0
                text8                              15CE     15CE      14C         0
                text7                              3C22     3C22       1A         0
                text6                              3CC2     3CC2       10         0
                text5                              338E     338E       74         0
                text4                              3086     3086       88         0
                text3                              3B7A     3B7A       24         0
                text2                              392C     392C       34         0
                text1                              2C64     2C64       9C         0
                text0                              1D6C     1D6C      136         0
                cinit                              3476     3476       6E         0
                idataBANK0                         3DB0     3DB0        2         0
                idataCOMRAM                        3DAE     3DAE        2         0

        CLASS   CONST          

        CLASS   SMALLCONST     

        CLASS   MEDIUMCONST    
                mediumconst                        7E36     7E36      1CA         0

        CLASS   COMRAM         
                temp                                 55       55        1         1
                cstackCOMRAM                          1        1       2B         1
                dataCOMRAM                           53       53        2         1
                bssCOMRAM                            2C       2C       27         1

        CLASS   ABS1           
                abs_s1                              400      400       38         1
                abs_s1                              440      440       10         1
                abs_s1                              500      500       80         1

        CLASS   BIGRAM         

        CLASS   RAM            

        CLASS   BANK0          
                cstackBANK0                          DD       DD       21         1
                dataBANK0                            FE       FE        2         1
                bssBANK0                             60       60       7D         1

        CLASS   BANK1          
                cstackBANK1                         1EF      1EF        F         1
                bssBANK1                            100      100       EF         1

        CLASS   BANK2          
                bssBANK2                            200      200       40         1

        CLASS   BANK3          

        CLASS   BANK4          

        CLASS   BANK5          

        CLASS   BANK6          

        CLASS   BANK7          

        CLASS   SFR            

        CLASS   CONFIG         
                config                           300000   300000        E         4

        CLASS   IDLOC          
                idloc                            200000   200000        8         5

        CLASS   EEDATA         

        CLASS   FARRAM         



SEGMENTS        Name                           Load    Length   Top    Selector   Space  Class

                cstackCOMRAM                   000001  000055  000056         1       1  COMRAM  
                reset_vec                      000000  000004  000004         0       0  CODE    
                bssBANK0                       000060  0000A0  000100        60       1  BANK0   
                bssBANK2                       000200  000040  000240       200       1  BANK2   
                bssBANK1                       000100  0000FE  0001FE       100       1  BANK1   
                intcode                        000008  003DAA  003DB2         4       0  CODE    
                mediumconst                    007E36  0001CA  008000      3F1B       0  MEDIUMCO


UNUSED ADDRESS RANGES

        Name                Unused          Largest block    Delta
        BANK1            0001FE-0001FF                2
        BANK2            000240-0002FF               C0
        BANK3            000300-0003FF              100
        BANK4            000438-00043F                8
                         000450-0004FF               B0
        BANK5            000580-0005FF               80
        BANK6            000600-0006FF              100
        BANK7            000700-0007FF              100
        BIGRAM           000056-00005F                A
                         0001FE-0001FF                2
                         000240-0003FF              1C0
                         000438-00043F                8
                         000450-0004FF               B0
                         000580-0007FF              280
        CODE             000004-000007                4
                         003DB2-007E35             4084
        COMRAM           000056-00005F                A
        CONST            000004-000007                4
                         003DB2-007E35             4084
        EEDATA           F00000-F000FF              100
        MEDIUMCONST      003DB2-007E35             4084
        RAM              0001FE-0001FF                2
                         000240-0003FF               C0
                         000438-00043F                8
                         000450-0004FF               B0
                         000580-0007FF              100
        SFR              000F53-000FFF                D
        SMALLCONST       003DB2-007E35              100
        STACK            000580-0007FF              280

                                  Symbol Table

?_LSM9DS1begin                            cstackBANK0  0000F9
?_USBTransferOnePacket                    cstackBANK0  0000DD
?___flmul                                 cstackBANK0  0000EB
?___xxtofl                                cstackBANK0  0000DD
?_calcAccel                               cstackBANK0  0000F7
?i2_USBTransferOnePacket                  cstackCOMRAM 000001
CDCTxService@byte_to_send                 cstackBANK0  0000E9
CDCTxService@i                            cstackBANK0  0000E8
I2C1_CallbackReturnReset@funPtr           cstackBANK0  0000E6
I2C1_Close@returnValue                    cstackBANK0  0000DD
I2C1_MasterOperation@read                 cstackBANK0  0000EA
I2C1_MasterOperation@returnValue          cstackBANK0  0000EB
I2C1_MasterSendTxData@data                cstackBANK0  0000DD
I2C1_Open@address                         cstackBANK0  0000DD
I2C1_Open@returnValue                     cstackBANK0  0000DE
I2C1_Read1ByteRegister@address            cstackBANK0  0000ED
I2C1_Read1ByteRegister@reg                cstackBANK0  0000EC
I2C1_Read1ByteRegister@returnValue        cstackBANK0  0000EE
I2C1_ReadDataBlock@address                cstackBANK0  0000F1
I2C1_ReadDataBlock@bufferBlock            cstackBANK0  0000F2
I2C1_ReadDataBlock@data                   cstackBANK0  0000ED
I2C1_ReadDataBlock@len                    cstackBANK0  0000EF
I2C1_ReadDataBlock@reg                    cstackBANK0  0000EC
I2C1_SetAddressNackCallback@cb            cstackBANK0  0000E2
I2C1_SetAddressNackCallback@ptr           cstackBANK0  0000E4
I2C1_SetBuffer@buffer                     cstackBANK0  0000DD
I2C1_SetBuffer@bufferSize                 cstackBANK0  0000DF
I2C1_SetCallback@cb                       cstackBANK0  0000DD
I2C1_SetCallback@idx                      cstackBANK0  0000E1
I2C1_SetCallback@ptr                      cstackBANK0  0000DF
I2C1_SetDataCompleteCallback@cb           cstackBANK0  0000E2
I2C1_SetDataCompleteCallback@ptr          cstackBANK0  0000E4
I2C1_Write1ByteRegister@address           cstackBANK0  0000EE
I2C1_Write1ByteRegister@data              cstackBANK0  0000ED
I2C1_Write1ByteRegister@reg               cstackBANK0  0000EC
LSM9DS1_I2CreadByte@address               cstackBANK0  0000F0
LSM9DS1_I2CreadByte@data                  cstackBANK0  0000F1
LSM9DS1_I2CreadByte@subAddress            cstackBANK0  0000EF
LSM9DS1_I2CreadBytes@address              cstackBANK0  0000FA
LSM9DS1_I2CreadBytes@count                cstackBANK0  0000F9
LSM9DS1_I2CreadBytes@dest                 cstackBANK0  0000F7
LSM9DS1_I2CreadBytes@subAddress           cstackBANK0  0000F6
LSM9DS1_I2CwriteByte@address              cstackBANK0  0000F1
LSM9DS1_I2CwriteByte@data                 cstackBANK0  0000F0
LSM9DS1_I2CwriteByte@subAddress           cstackBANK0  0000EF
LSM9DS1_defaultConfig@i                   cstackBANK0  0000DF
LSM9DS1begin@mTest                        cstackBANK1  0001EF
LSM9DS1begin@whoAmICombined               cstackBANK1  0001F1
LSM9DS1begin@xgTest                       cstackBANK1  0001F0
USBConfigureEndpoint@EPNum                cstackCOMRAM 000006
USBConfigureEndpoint@direction            cstackCOMRAM 000001
USBConfigureEndpoint@handle               cstackCOMRAM 000007
USBCtrlTrfInHandler@lastDTS               cstackCOMRAM 000002
USBCtrlTrfRxService@byteToRead            cstackCOMRAM 000002
USBCtrlTrfRxService@i                     cstackCOMRAM 000001
USBCtrlTrfTxService@byteToSend            cstackCOMRAM 000001
USBDeviceInit@i                           cstackBANK0  0000E9
USBDeviceTasks@i                          cstackCOMRAM 00001F
USBEnableEndpoint@ep                      cstackCOMRAM 00000C
USBEnableEndpoint@options                 cstackCOMRAM 000009
USBEnableEndpoint@p                       cstackCOMRAM 00000A
USBStdFeatureReqHandler@current_ep_data   cstackCOMRAM 000019
USBStdFeatureReqHandler@p                 cstackCOMRAM 00001A
USBStdFeatureReqHandler@pUEP              cstackCOMRAM 000017
USBStdGetStatusHandler@p                  cstackCOMRAM 000003
USBStdSetCfgHandler@i                     cstackCOMRAM 000015
USBTransferOnePacket@data                 cstackBANK0  0000DE
USBTransferOnePacket@dir                  cstackBANK0  0000DD
USBTransferOnePacket@ep                   cstackBANK0  0000E5
USBTransferOnePacket@handle               cstackBANK0  0000E6
USBTransferOnePacket@len                  cstackBANK0  0000E0
USER_USB_CALLBACK_EVENT_HANDLER@event     cstackCOMRAM 00000D
USER_USB_CALLBACK_EVENT_HANDLER@pdata     cstackCOMRAM 00000F
USER_USB_CALLBACK_EVENT_HANDLER@size      cstackCOMRAM 000011
_ACTCON                                   (abs)        000FB5
_ANSELA                                   (abs)        000F5B
_ANSELB                                   (abs)        000F5C
_ANSELC                                   (abs)        000F5D
_ANSELD                                   (abs)        000F5E
_ANSELE                                   (abs)        000F5F
_Accelfloat                               text82       003552
_BDT                                      (abs)        000400
_BaudRateGen                              bssBANK1     00018E
_BothEP0OutUOWNsSet                       bssCOMRAM    000048
_CDCDataInHandle                          bssBANK0     0000D0
_CDCDataOutHandle                         bssCOMRAM    000040
_CDCInitEP                                text107      003624
_CDCTxService                             text80       000AD0
_CtrlTrfData                              (abs)        000440
_I2C1_CallbackReturnReset                 text58       003D8E
_I2C1_CallbackReturnStop                  text59       003D92
_I2C1_Close                               text71       003A54
_I2C1_DO_ADDRESS_NACK                     text35       0034E4
_I2C1_DO_IDLE                             text49       003D1A
_I2C1_DO_RCEN                             text44       003D0E
_I2C1_DO_RESET                            text36       003D02
_I2C1_DO_RX                               text45       002BBA
_I2C1_DO_RX_ACK                           text39       003D48
_I2C1_DO_RX_NACK_RESTART                  text37       003D38
_I2C1_DO_RX_NACK_STOP                     text38       003D40
_I2C1_DO_SEND_ADR_READ                    text48       003CF2
_I2C1_DO_SEND_ADR_WRITE                   text47       003CE2
_I2C1_DO_SEND_RESTART                     text41       003D58
_I2C1_DO_SEND_RESTART_READ                text43       003D68
_I2C1_DO_SEND_RESTART_WRITE               text42       003D60
_I2C1_DO_SEND_STOP                        text40       003D50
_I2C1_DO_TX                               text46       0028D8
_I2C1_DO_TX_EMPTY                         text50       003218
_I2C1_Initialize                          text14       003C9A
_I2C1_MasterClearIrq                      text74       003DAA
_I2C1_MasterClose                         text73       003DA6
_I2C1_MasterDisableIrq                    text72       003DA2
_I2C1_MasterEnableRestart                 text69       003D9A
_I2C1_MasterFsm                           text34       0035C0
_I2C1_MasterGetRxData                     text55       003D86
_I2C1_MasterIsNack                        text52       003CAE
_I2C1_MasterOpen                          text29       003BC2
_I2C1_MasterOperation                     text31       0036E8
_I2C1_MasterSendAck                       text54       003D76
_I2C1_MasterSendNack                      text56       003D7C
_I2C1_MasterSendTxData                    text53       003D26
_I2C1_MasterSetIrq                        text51       003D82
_I2C1_MasterStart                         text70       003D9E
_I2C1_MasterStartRx                       text57       003D8A
_I2C1_MasterStop                          text68       003D96
_I2C1_MasterWaitForEvent                  text33       003CD2
_I2C1_MasterWrite                         text30       003D30
_I2C1_Open                                text28       002ECE
_I2C1_Poller                              text32       003C04
_I2C1_Read1ByteRegister                   text19       003196
_I2C1_ReadDataBlock                       text4        003086
_I2C1_SetAddressNackCallback              text27       003C54
_I2C1_SetBuffer                           text67       003B9E
_I2C1_SetCallback                         text66       003298
_I2C1_SetDataCompleteCallback             text65       003C6C
_I2C1_Status                              bssBANK1     000100
_I2C1_Write1ByteRegister                  text26       003316
_IMUSettings                              bssBANK0     000060
_IMUstate                                 bssBANK0     0000C8
_INTCON2bits                              (abs)        000FF1
_INTCONbits                               (abs)        000FF2
_INTERRUPT_Initialize                     text13       003D70
_INTERRUPT_InterruptManagerHigh           intcode      000008
_IPR3bits                                 (abs)        000FA5
_LATA                                     (abs)        000F89
_LATAbits                                 (abs)        000F89
_LATB                                     (abs)        000F8A
_LATC                                     (abs)        000F8B
_LATD                                     (abs)        000F8C
_LATE                                     (abs)        000F8D
_LSM9DS1_I2CreadByte                      text18       003C3C
_LSM9DS1_I2CreadBytes                     text3        003B7A
_LSM9DS1_I2CwriteByte                     text25       003C84
_LSM9DS1_defaultConfig                    text79       000E50
_LSM9DS1begin                             text15       002D00
_OSCCON                                   (abs)        000FD3
_OSCCON2                                  (abs)        000FD2
_OSCILLATOR_Initialize                    text12       003BE4
_OSCTUNE                                  (abs)        000F9B
_PIE1bits                                 (abs)        000F9D
_PIE3bits                                 (abs)        000FA3
_PIN_MANAGER_Initialize                   text11       0038EC
_PIR1bits                                 (abs)        000F9E
_PIR2bits                                 (abs)        000FA1
_PIR3bits                                 (abs)        000FA4
_PLLRDY                                   (abs)        007E97
_RCONbits                                 (abs)        000FD0
_RemoteWakeup                             bssCOMRAM    00004A
_SSP1ADD                                  (abs)        000FC8
_SSP1BUF                                  (abs)        000FC9
_SSP1CON1                                 (abs)        000FC6
_SSP1CON1bits                             (abs)        000FC6
_SSP1CON2                                 (abs)        000FC5
_SSP1CON2bits                             (abs)        000FC5
_SSP1STAT                                 (abs)        000FC7
_SSP1STATbits                             (abs)        000FC7
_SYSTEM_Initialize                        text7        003C22
_SetupPkt                                 (abs)        000430
_TRISA                                    (abs)        000F92
_TRISB                                    (abs)        000F93
_TRISC                                    (abs)        000F94
_TRISD                                    (abs)        000F95
_TRISE                                    (abs)        000F96
_UADDR                                    (abs)        000F63
_UCFG                                     (abs)        000F62
_UCON                                     (abs)        000F60
_UCONbits                                 (abs)        000F60
_UEIE                                     (abs)        000F66
_UEIR                                     (abs)        000F67
_UEP0                                     (abs)        000F6A
_UEP0bits                                 (abs)        000F6A
_UEP1                                     (abs)        000F6B
_UIE                                      (abs)        000F64
_UIEbits                                  (abs)        000F64
_UIR                                      (abs)        000F65
_UIRbits                                  (abs)        000F65
_USB1msTickCount                          bssBANK0     0000B4
_USBActiveConfiguration                   bssCOMRAM    000052
_USBAlternateInterface                    bssBANK0     0000DB
_USBBusIsSuspended                        bssBANK0     0000D7
_USBCheckCDCRequest                       text106      002304
_USBCheckStdRequest                       text99       001EA2
_USBConfigureEndpoint                     text110      002B0E
_USBCtrlEPAllowDataStage                  text98       002A5A
_USBCtrlEPAllowStatusStage                text113      002616
_USBCtrlEPService                         text94       0029A2
_USBCtrlEPServiceComplete                 text97       001AEC
_USBCtrlTrfInHandler                      text114      002410
_USBCtrlTrfOutHandler                     text111      003402
_USBCtrlTrfRxService                      text112      001866
_USBCtrlTrfSetupHandler                   text96       002FF6
_USBCtrlTrfTxService                      text115      0020E6
_USBDeferINDataStagePackets               bssCOMRAM    000043
_USBDeferOUTDataStagePackets              bssCOMRAM    000042
_USBDeferStatusStagePacket                bssCOMRAM    000046
_USBDeviceAttach                          text10       003868
_USBDeviceInit                            text8        0015CE
_USBDeviceState                           bssCOMRAM    00004D
_USBDeviceTasks                           text88       0008A8
_USBEnableEndpoint                        text109      0037D8
_USBIncrement1msInternalTimers            text93       003960
_USBStallHandler                          text92       003688
_USBStatusStageEnabledFlag1               bssCOMRAM    000045
_USBStatusStageEnabledFlag2               bssCOMRAM    000044
_USBStatusStageTimeoutCounter             bssCOMRAM    000047
_USBStdFeatureReqHandler                  text104      00054C
_USBStdGetDscHandler                      text103      00145A
_USBStdGetStatusHandler                   text102      0021F6
_USBStdSetCfgHandler                      text100      002708
_USBSuspend                               text91       003A84
_USBTicksSinceSuspendEnd                  bssBANK0     0000D6
_USBTransferOnePacket                     text81       0019AA
_USBWakeFromSuspend                       text90       0038AA
_USB_CD_Ptr                               mediumconst  007E9D
_USB_SD_Ptr                               mediumconst  007E8B
_USER_USB_CALLBACK_EVENT_HANDLER          text105      00310E
_USTAT                                    (abs)        000F61
_USTATcopy                                bssCOMRAM    000051
_WPUB                                     (abs)        000F85
__HRAM                                    (abs)        000000
__Habs1                                   abs1         000000
__Hbank0                                  bank0        000000
__Hbank1                                  bank1        000000
__Hbank2                                  bank2        000000
__Hbank3                                  bank3        000000
__Hbank4                                  bank4        000000
__Hbank5                                  bank5        000000
__Hbank6                                  bank6        000000
__Hbank7                                  bank7        000000
__Hbigbss                                 bigbss       000000
__Hbigdata                                bigdata      000000
__Hbigram                                 bigram       000000
__Hbss                                    bss          000000
__HbssBANK0                               bssBANK0     000000
__HbssBANK1                               bssBANK1     000000
__HbssBANK2                               bssBANK2     000000
__HbssCOMRAM                              bssCOMRAM    000000
__Hcinit                                  cinit        000000
__Hclrtext                                clrtext      000000
__Hcomram                                 comram       000000
__Hconfig                                 config       30000E
__Hconst                                  const        000000
__HcstackBANK0                            cstackBANK0  000000
__HcstackBANK1                            cstackBANK1  000000
__HcstackCOMRAM                           cstackCOMRAM 000000
__Hdata                                   data         000000
__HdataBANK0                              dataBANK0    000000
__HdataCOMRAM                             dataCOMRAM   000000
__Heeprom_data                            eeprom_data  000000
__Hfarbss                                 farbss       000000
__Hfardata                                fardata      000000
__Hibigdata                               ibigdata     000000
__Hidata                                  idata        000000
__HidataBANK0                             idataBANK0   000000
__HidataCOMRAM                            idataCOMRAM  000000
__Hidloc                                  idloc        200008
__Hifardata                               ifardata     000000
__Hinit                                   init         000092
__Hintcode                                intcode      00008E
__Hintcode_body                           intcode_body 000000
__Hintcodelo                              intcodelo    00008E
__Hintentry                               intentry     000000
__Hintret                                 intret       000000
__Hintsave_regs                           intsave_regs 000000
__Hirdata                                 irdata       000000
__Hmediumconst                            mediumconst  008000
__HnvFARRAM                               nvFARRAM     000000
__Hnvbit                                  nvbit        000000
__Hnvrram                                 nvrram       000000
__Hparam                                  rparam       000000
__Hpowerup                                powerup      00008E
__Hram                                    ram          000000
__Hramtop                                 ramtop       000800
__Hrbit                                   rbit         000000
__Hrbss                                   rbss         000000
__Hrdata                                  rdata        000000
__Hreset_vec                              reset_vec    000004
__Hrparam                                 rparam       000000
__Hsfr                                    sfr          000000
__Hsmallconst                             smallconst   000000
__Hspace_0                                (abs)        008000
__Hspace_1                                (abs)        000240
__Hspace_2                                (abs)        000000
__Hspace_4                                (abs)        60000E
__Hstack                                  stack        000000
__Hstruct                                 struct       000000
__Htemp                                   temp         000056
__Htext                                   text         000000
__Htext0                                  text0        000000
__Htext1                                  text1        000000
__Htext10                                 text10       000000
__Htext100                                text100      000000
__Htext101                                text101      000000
__Htext102                                text102      000000
__Htext103                                text103      000000
__Htext104                                text104      000000
__Htext105                                text105      000000
__Htext106                                text106      000000
__Htext107                                text107      000000
__Htext108                                text108      000000
__Htext109                                text109      000000
__Htext11                                 text11       000000
__Htext110                                text110      000000
__Htext111                                text111      000000
__Htext112                                text112      000000
__Htext113                                text113      000000
__Htext114                                text114      000000
__Htext115                                text115      000000
__Htext116                                text116      000000
__Htext12                                 text12       000000
__Htext13                                 text13       000000
__Htext14                                 text14       000000
__Htext15                                 text15       000000
__Htext16                                 text16       000000
__Htext17                                 text17       000000
__Htext18                                 text18       000000
__Htext19                                 text19       000000
__Htext2                                  text2        000000
__Htext20                                 text20       000000
__Htext21                                 text21       000000
__Htext22                                 text22       000000
__Htext23                                 text23       000000
__Htext24                                 text24       000000
__Htext25                                 text25       000000
__Htext26                                 text26       000000
__Htext27                                 text27       000000
__Htext28                                 text28       000000
__Htext29                                 text29       000000
__Htext3                                  text3        000000
__Htext30                                 text30       000000
__Htext31                                 text31       000000
__Htext32                                 text32       000000
__Htext33                                 text33       000000
__Htext34                                 text34       000000
__Htext35                                 text35       000000
__Htext36                                 text36       000000
__Htext37                                 text37       000000
__Htext38                                 text38       000000
__Htext39                                 text39       000000
__Htext4                                  text4        000000
__Htext40                                 text40       000000
__Htext41                                 text41       000000
__Htext42                                 text42       000000
__Htext43                                 text43       000000
__Htext44                                 text44       000000
__Htext45                                 text45       000000
__Htext46                                 text46       000000
__Htext47                                 text47       000000
__Htext48                                 text48       000000
__Htext49                                 text49       000000
__Htext5                                  text5        000000
__Htext50                                 text50       000000
__Htext51                                 text51       000000
__Htext52                                 text52       000000
__Htext53                                 text53       000000
__Htext54                                 text54       000000
__Htext55                                 text55       000000
__Htext56                                 text56       000000
__Htext57                                 text57       000000
__Htext58                                 text58       000000
__Htext59                                 text59       000000
__Htext6                                  text6        000000
__Htext60                                 text60       000000
__Htext61                                 text61       000000
__Htext62                                 text62       000000
__Htext63                                 text63       000000
__Htext64                                 text64       000000
__Htext65                                 text65       000000
__Htext66                                 text66       000000
__Htext67                                 text67       000000
__Htext68                                 text68       000000
__Htext69                                 text69       000000
__Htext7                                  text7        000000
__Htext70                                 text70       000000
__Htext71                                 text71       000000
__Htext72                                 text72       000000
__Htext73                                 text73       000000
__Htext74                                 text74       000000
__Htext75                                 text75       000000
__Htext76                                 text76       000000
__Htext77                                 text77       000000
__Htext78                                 text78       000000
__Htext79                                 text79       000000
__Htext8                                  text8        000000
__Htext80                                 text80       000000
__Htext81                                 text81       000000
__Htext82                                 text82       000000
__Htext83                                 text83       000000
__Htext84                                 text84       000000
__Htext85                                 text85       000000
__Htext86                                 text86       000000
__Htext88                                 text88       000000
__Htext89                                 text89       000000
__Htext9                                  text9        000000
__Htext90                                 text90       000000
__Htext91                                 text91       000000
__Htext92                                 text92       000000
__Htext93                                 text93       000000
__Htext94                                 text94       000000
__Htext95                                 text95       000000
__Htext96                                 text96       000000
__Htext97                                 text97       000000
__Htext98                                 text98       000000
__Htext99                                 text99       000000
__LRAM                                    (abs)        000001
__Labs1                                   abs1         000000
__Lbank0                                  bank0        000000
__Lbank1                                  bank1        000000
__Lbank2                                  bank2        000000
__Lbank3                                  bank3        000000
__Lbank4                                  bank4        000000
__Lbank5                                  bank5        000000
__Lbank6                                  bank6        000000
__Lbank7                                  bank7        000000
__Lbigbss                                 bigbss       000000
__Lbigdata                                bigdata      000000
__Lbigram                                 bigram       000000
__Lbss                                    bss          000000
__LbssBANK0                               bssBANK0     000000
__LbssBANK1                               bssBANK1     000000
__LbssBANK2                               bssBANK2     000000
__LbssCOMRAM                              bssCOMRAM    000000
__Lcinit                                  cinit        000000
__Lclrtext                                clrtext      000000
__Lcomram                                 comram       000000
__Lconfig                                 config       000000
__Lconst                                  const        000000
__LcstackBANK0                            cstackBANK0  000000
__LcstackBANK1                            cstackBANK1  000000
__LcstackCOMRAM                           cstackCOMRAM 000000
__Ldata                                   data         000000
__LdataBANK0                              dataBANK0    000000
__LdataCOMRAM                             dataCOMRAM   000000
__Leeprom_data                            eeprom_data  000000
__Lfarbss                                 farbss       000000
__Lfardata                                fardata      000000
__Libigdata                               ibigdata     000000
__Lidata                                  idata        000000
__LidataBANK0                             idataBANK0   000000
__LidataCOMRAM                            idataCOMRAM  000000
__Lidloc                                  idloc        000000
__Lifardata                               ifardata     000000
__Linit                                   init         00008E
__Lintcode                                intcode      000008
__Lintcode_body                           intcode_body 000000
__Lintcodelo                              intcodelo    00008E
__Lintentry                               intentry     000000
__Lintret                                 intret       000000
__Lintsave_regs                           intsave_regs 000000
__Lirdata                                 irdata       000000
__Lmediumconst                            mediumconst  007E36
__LnvFARRAM                               nvFARRAM     000000
__Lnvbit                                  nvbit        000000
__Lnvrram                                 nvrram       000000
__Lparam                                  rparam       000000
__Lpowerup                                powerup      00008E
__Lram                                    ram          000000
__Lramtop                                 ramtop       000800
__Lrbit                                   rbit         000000
__Lrbss                                   rbss         000000
__Lrdata                                  rdata        000000
__Lreset_vec                              reset_vec    000000
__Lrparam                                 rparam       000000
__Lsfr                                    sfr          000000
__Lsmallconst                             smallconst   000000
__Lspace_0                                (abs)        000000
__Lspace_1                                (abs)        000000
__Lspace_2                                (abs)        000000
__Lspace_4                                (abs)        000000
__Lstack                                  stack        000000
__Lstruct                                 struct       000000
__Ltemp                                   temp         000055
__Ltext                                   text         000000
__Ltext0                                  text0        000000
__Ltext1                                  text1        000000
__Ltext10                                 text10       000000
__Ltext100                                text100      000000
__Ltext101                                text101      000000
__Ltext102                                text102      000000
__Ltext103                                text103      000000
__Ltext104                                text104      000000
__Ltext105                                text105      000000
__Ltext106                                text106      000000
__Ltext107                                text107      000000
__Ltext108                                text108      000000
__Ltext109                                text109      000000
__Ltext11                                 text11       000000
__Ltext110                                text110      000000
__Ltext111                                text111      000000
__Ltext112                                text112      000000
__Ltext113                                text113      000000
__Ltext114                                text114      000000
__Ltext115                                text115      000000
__Ltext116                                text116      000000
__Ltext12                                 text12       000000
__Ltext13                                 text13       000000
__Ltext14                                 text14       000000
__Ltext15                                 text15       000000
__Ltext16                                 text16       000000
__Ltext17                                 text17       000000
__Ltext18                                 text18       000000
__Ltext19                                 text19       000000
__Ltext2                                  text2        000000
__Ltext20                                 text20       000000
__Ltext21                                 text21       000000
__Ltext22                                 text22       000000
__Ltext23                                 text23       000000
__Ltext24                                 text24       000000
__Ltext25                                 text25       000000
__Ltext26                                 text26       000000
__Ltext27                                 text27       000000
__Ltext28                                 text28       000000
__Ltext29                                 text29       000000
__Ltext3                                  text3        000000
__Ltext30                                 text30       000000
__Ltext31                                 text31       000000
__Ltext32                                 text32       000000
__Ltext33                                 text33       000000
__Ltext34                                 text34       000000
__Ltext35                                 text35       000000
__Ltext36                                 text36       000000
__Ltext37                                 text37       000000
__Ltext38                                 text38       000000
__Ltext39                                 text39       000000
__Ltext4                                  text4        000000
__Ltext40                                 text40       000000
__Ltext41                                 text41       000000
__Ltext42                                 text42       000000
__Ltext43                                 text43       000000
__Ltext44                                 text44       000000
__Ltext45                                 text45       000000
__Ltext46                                 text46       000000
__Ltext47                                 text47       000000
__Ltext48                                 text48       000000
__Ltext49                                 text49       000000
__Ltext5                                  text5        000000
__Ltext50                                 text50       000000
__Ltext51                                 text51       000000
__Ltext52                                 text52       000000
__Ltext53                                 text53       000000
__Ltext54                                 text54       000000
__Ltext55                                 text55       000000
__Ltext56                                 text56       000000
__Ltext57                                 text57       000000
__Ltext58                                 text58       000000
__Ltext59                                 text59       000000
__Ltext6                                  text6        000000
__Ltext60                                 text60       000000
__Ltext61                                 text61       000000
__Ltext62                                 text62       000000
__Ltext63                                 text63       000000
__Ltext64                                 text64       000000
__Ltext65                                 text65       000000
__Ltext66                                 text66       000000
__Ltext67                                 text67       000000
__Ltext68                                 text68       000000
__Ltext69                                 text69       000000
__Ltext7                                  text7        000000
__Ltext70                                 text70       000000
__Ltext71                                 text71       000000
__Ltext72                                 text72       000000
__Ltext73                                 text73       000000
__Ltext74                                 text74       000000
__Ltext75                                 text75       000000
__Ltext76                                 text76       000000
__Ltext77                                 text77       000000
__Ltext78                                 text78       000000
__Ltext79                                 text79       000000
__Ltext8                                  text8        000000
__Ltext80                                 text80       000000
__Ltext81                                 text81       000000
__Ltext82                                 text82       000000
__Ltext83                                 text83       000000
__Ltext84                                 text84       000000
__Ltext85                                 text85       000000
__Ltext86                                 text86       000000
__Ltext88                                 text88       000000
__Ltext89                                 text89       000000
__Ltext9                                  text9        000000
__Ltext90                                 text90       000000
__Ltext91                                 text91       000000
__Ltext92                                 text92       000000
__Ltext93                                 text93       000000
__Ltext94                                 text94       000000
__Ltext95                                 text95       000000
__Ltext96                                 text96       000000
__Ltext97                                 text97       000000
__Ltext98                                 text98       000000
__Ltext99                                 text99       000000
__S0                                      (abs)        008000
__S1                                      (abs)        000240
__S2                                      (abs)        000000
__S4                                      (abs)        000000
__S5                                      (abs)        000000
___flmul                                  text86       000092
___flmul@a                                cstackBANK0  0000EF
___flmul@aexp                             cstackBANK1  0001F0
___flmul@b                                cstackBANK0  0000EB
___flmul@bexp                             cstackBANK1  0001F5
___flmul@grs                              cstackBANK1  0001F1
___flmul@prod                             cstackBANK1  0001F6
___flmul@sign                             cstackBANK1  0001EF
___flmul@temp                             cstackBANK1  0001FA
___fpclassifyf@F465                       bssBANK1     000186
___inthi_sp                               stack        000000
___intlo_sp                               stack        000000
___param_bank                             (abs)        000000
___rparam_used                            (abs)        000001
___sp                                     stack        000000
___xxtofl                                 text85       000C98
___xxtofl@arg                             cstackBANK0  0000E7
___xxtofl@exp                             cstackBANK0  0000E6
___xxtofl@sign                            cstackBANK0  0000E5
___xxtofl@val                             cstackBANK0  0000DD
__accesstop                               (abs)        000060
__activetblptr                            (abs)        000002
__autoCalc                                bssBANK0     0000D3
__end_of_Accelfloat                       text82       0035C0
__end_of_CDCInitEP                        text107      003688
__end_of_CDCTxService                     text80       000C98
__end_of_I2C1_CallbackReturnReset         text58       003D92
__end_of_I2C1_CallbackReturnStop          text59       003D96
__end_of_I2C1_Close                       text71       003A84
__end_of_I2C1_DO_ADDRESS_NACK             text35       003552
__end_of_I2C1_DO_IDLE                     text49       003D26
__end_of_I2C1_DO_RCEN                     text44       003D1A
__end_of_I2C1_DO_RESET                    text36       003D0E
__end_of_I2C1_DO_RX                       text45       002C64
__end_of_I2C1_DO_RX_ACK                   text39       003D50
__end_of_I2C1_DO_RX_NACK_RESTART          text37       003D40
__end_of_I2C1_DO_RX_NACK_STOP             text38       003D48
__end_of_I2C1_DO_SEND_ADR_READ            text48       003D02
__end_of_I2C1_DO_SEND_ADR_WRITE           text47       003CF2
__end_of_I2C1_DO_SEND_RESTART             text41       003D60
__end_of_I2C1_DO_SEND_RESTART_READ        text43       003D70
__end_of_I2C1_DO_SEND_RESTART_WRITE       text42       003D68
__end_of_I2C1_DO_SEND_STOP                text40       003D58
__end_of_I2C1_DO_TX                       text46       0029A2
__end_of_I2C1_DO_TX_EMPTY                 text50       003298
__end_of_I2C1_Initialize                  text14       003CAE
__end_of_I2C1_MasterClearIrq              text74       003DAE
__end_of_I2C1_MasterClose                 text73       003DAA
__end_of_I2C1_MasterDisableIrq            text72       003DA6
__end_of_I2C1_MasterEnableRestart         text69       003D9E
__end_of_I2C1_MasterFsm                   text34       003624
__end_of_I2C1_MasterGetRxData             text55       003D8A
__end_of_I2C1_MasterIsNack                text52       003CC2
__end_of_I2C1_MasterOpen                  text29       003BE4
__end_of_I2C1_MasterOperation             text31       003738
__end_of_I2C1_MasterSendAck               text54       003D7C
__end_of_I2C1_MasterSendNack              text56       003D82
__end_of_I2C1_MasterSendTxData            text53       003D30
__end_of_I2C1_MasterSetIrq                text51       003D86
__end_of_I2C1_MasterStart                 text70       003DA2
__end_of_I2C1_MasterStartRx               text57       003D8E
__end_of_I2C1_MasterStop                  text68       003D9A
__end_of_I2C1_MasterWaitForEvent          text33       003CE2
__end_of_I2C1_MasterWrite                 text30       003D38
__end_of_I2C1_Open                        text28       002F64
__end_of_I2C1_Poller                      text32       003C22
__end_of_I2C1_Read1ByteRegister           text19       003218
__end_of_I2C1_ReadDataBlock               text4        00310E
__end_of_I2C1_SetAddressNackCallback      text27       003C6C
__end_of_I2C1_SetBuffer                   text67       003BC2
__end_of_I2C1_SetCallback                 text66       003316
__end_of_I2C1_SetDataCompleteCallback     text65       003C84
__end_of_I2C1_Write1ByteRegister          text26       00338E
__end_of_INTERRUPT_Initialize             text13       003D76
__end_of_INTERRUPT_InterruptManagerHigh   intcode      00008E
__end_of_LSM9DS1_I2CreadByte              text18       003C54
__end_of_LSM9DS1_I2CreadBytes             text3        003B9E
__end_of_LSM9DS1_I2CwriteByte             text25       003C9A
__end_of_LSM9DS1_defaultConfig            text79       000FE4
__end_of_LSM9DS1begin                     text15       002D9C
__end_of_OSCILLATOR_Initialize            text12       003C04
__end_of_PIN_MANAGER_Initialize           text11       00392C
__end_of_SYSTEM_Initialize                text7        003C3C
__end_of_USBCheckCDCRequest               text106      002410
__end_of_USBCheckStdRequest               text99       001FC8
__end_of_USBConfigureEndpoint             text110      002BBA
__end_of_USBCtrlEPAllowDataStage          text98       002B0E
__end_of_USBCtrlEPAllowStatusStage        text113      002708
__end_of_USBCtrlEPService                 text94       002A5A
__end_of_USBCtrlEPServiceComplete         text97       001C2E
__end_of_USBCtrlTrfInHandler              text114      00251A
__end_of_USBCtrlTrfOutHandler             text111      003476
__end_of_USBCtrlTrfRxService              text112      0019AA
__end_of_USBCtrlTrfSetupHandler           text96       003086
__end_of_USBCtrlTrfTxService              text115      0021F6
__end_of_USBDeviceAttach                  text10       0038AA
__end_of_USBDeviceInit                    text8        00171A
__end_of_USBDeviceTasks                   text88       000AD0
__end_of_USBEnableEndpoint                text109      003824
__end_of_USBIncrement1msInternalTimers    text93       003994
__end_of_USBStallHandler                  text92       0036E8
__end_of_USBStdFeatureReqHandler          text104      0008A8
__end_of_USBStdGetDscHandler              text103      0015CE
__end_of_USBStdGetStatusHandler           text102      002304
__end_of_USBStdSetCfgHandler              text100      0027F2
__end_of_USBSuspend                       text91       003AB2
__end_of_USBTransferOnePacket             text81       001AEC
__end_of_USBWakeFromSuspend               text90       0038EC
__end_of_USB_CD_Ptr                       mediumconst  007E9F
__end_of_USB_SD_Ptr                       mediumconst  007E91
__end_of_USER_USB_CALLBACK_EVENT_HANDLER  text105      003196
__end_of___flmul                          text86       00054C
__end_of___xxtofl                         text85       000E50
__end_of__initialization                  cinit        0034D6
__end_of_aT                               mediumconst  007E6B
__end_of_accelAvailableALL                text6        003CD2
__end_of_atanhi                           mediumconst  007E8B
__end_of_atanlo                           mediumconst  007E7B
__end_of_calcAccel                        text84       003788
__end_of_calcaRes                         text78       002FF6
__end_of_calcgRes                         text77       002ECE
__end_of_calcmRes                         text76       002E36
__end_of_configDescriptor1                mediumconst  007F3C
__end_of_constrainScales                  text75       0028D8
__end_of_device_dsc                       mediumconst  007F4E
__end_of_i2c1_fsmStateTable               mediumconst  007E57
__end_of_initAccel                        text23       0020E6
__end_of_initGyro                         text22       00116C
__end_of_initMag                          text20       002616
__end_of_mReadByte                        text17       003B2E
__end_of_mWriteByte                       text21       003B54
__end_of_main                             text0        001EA2
__end_of_memcpy                           text95       0037D8
__end_of_memset                           text9        0012E4
__end_of_pi                               mediumconst  007E9D
__end_of_pi_lo                            mediumconst  007E99
__end_of_putUSBUSART                      text83       003ADE
__end_of_putrsUSBUSART                    text5        003402
__end_of_rd1RegCompleteHandler            text63       003A24
__end_of_rd2RegCompleteHandler            text62       0039F4
__end_of_rdBlkRegCompleteHandler          text60       003868
__end_of_readAccelALL                     text1        002D00
__end_of_sd000                            mediumconst  007F62
__end_of_sd001                            mediumconst  007EF9
__end_of_sd002                            mediumconst  007F5E
__end_of_tiny                             mediumconst  007E95
__end_of_wr1RegCompleteHandler            text61       0039C4
__end_of_wr2RegCompleteHandler            text64       003A54
__end_of_xgReadByte                       text16       003B06
__end_of_xgReadBytes                      text2        003960
__end_of_xgWriteByte                      text24       003B7A
__end_ofi2_USBDeviceInit                  text89       001866
__end_ofi2_USBTransferOnePacket           text108      001D6C
__end_ofi2_memset                         text101      00145A
__initialization                          cinit        003476
__mAddress                                bssBANK0     0000D5
__mediumconst                             mediumconst  007E36
__pbssBANK0                               bssBANK0     000060
__pbssBANK1                               bssBANK1     000100
__pbssBANK2                               bssBANK2     000200
__pbssCOMRAM                              bssCOMRAM    00002C
__pcinit                                  cinit        003476
__pcstackBANK0                            cstackBANK0  0000DD
__pcstackBANK1                            cstackBANK1  0001EF
__pcstackCOMRAM                           cstackCOMRAM 000001
__pdataBANK0                              dataBANK0    0000FE
__pdataCOMRAM                             dataCOMRAM   000053
__pidataBANK0                             idataBANK0   003DB0
__pidataCOMRAM                            idataCOMRAM  003DAE
__pintcode                                intcode      000008
__pmediumconst                            mediumconst  007E36
__ptext0                                  text0        001D6C
__ptext1                                  text1        002C64
__ptext10                                 text10       003868
__ptext100                                text100      002708
__ptext101                                text101      0012E4
__ptext102                                text102      0021F6
__ptext103                                text103      00145A
__ptext104                                text104      00054C
__ptext105                                text105      00310E
__ptext106                                text106      002304
__ptext107                                text107      003624
__ptext108                                text108      001C2E
__ptext109                                text109      0037D8
__ptext11                                 text11       0038EC
__ptext110                                text110      002B0E
__ptext111                                text111      003402
__ptext112                                text112      001866
__ptext113                                text113      002616
__ptext114                                text114      002410
__ptext115                                text115      0020E6
__ptext116                                text116      000000
__ptext12                                 text12       003BE4
__ptext13                                 text13       003D70
__ptext14                                 text14       003C9A
__ptext15                                 text15       002D00
__ptext16                                 text16       003ADE
__ptext17                                 text17       003B06
__ptext18                                 text18       003C3C
__ptext19                                 text19       003196
__ptext2                                  text2        00392C
__ptext20                                 text20       00251A
__ptext21                                 text21       003B2E
__ptext22                                 text22       000FE4
__ptext23                                 text23       001FC8
__ptext24                                 text24       003B54
__ptext25                                 text25       003C84
__ptext26                                 text26       003316
__ptext27                                 text27       003C54
__ptext28                                 text28       002ECE
[...]
__size_of_USBTransferOnePacket            (abs)        000000
__size_of_USBWakeFromSuspend              (abs)        000000
__size_of_USER_USB_CALLBACK_EVENT_HANDLER (abs)        000000
__size_of___flmul                         (abs)        000000
__size_of___xxtofl                        (abs)        000000
__size_of_accelAvailableALL               (abs)        000000
__size_of_calcAccel                       (abs)        000000
__size_of_calcaRes                        (abs)        000000
__size_of_calcgRes                        (abs)        000000
__size_of_calcmRes                        (abs)        000000
__size_of_constrainScales                 (abs)        000000
__size_of_initAccel                       (abs)        000000
__size_of_initGyro                        (abs)        000000
__size_of_initMag                         (abs)        000000
__size_of_mReadByte                       (abs)        000000
__size_of_mWriteByte                      (abs)        000000
__size_of_main                            (abs)        000000
__size_of_memcpy                          (abs)        000000
__size_of_memset                          (abs)        000000
__size_of_putUSBUSART                     (abs)        000000
__size_of_putrsUSBUSART                   (abs)        000000
__size_of_rd1RegCompleteHandler           (abs)        000000
__size_of_rd2RegCompleteHandler           (abs)        000000
__size_of_rdBlkRegCompleteHandler         (abs)        000000
__size_of_readAccelALL                    (abs)        000000
__size_of_wr1RegCompleteHandler           (abs)        000000
__size_of_wr2RegCompleteHandler           (abs)        000000
__size_of_xgReadByte                      (abs)        000000
__size_of_xgReadBytes                     (abs)        000000
__size_of_xgWriteByte                     (abs)        000000
__size_ofi2_USBDeviceInit                 (abs)        000000
__size_ofi2_USBTransferOnePacket          (abs)        000000
__size_ofi2_memset                        (abs)        000000
__smallconst                              smallconst   000000
__xgAddress                               bssBANK0     0000D4
_aBias                                    bssBANK1     000148
_aBiasRaw                                 bssBANK0     00008E
_aRes                                     bssBANK0     0000AC
_accelAvailableALL                        text6        003CC2
_ax                                       bssCOMRAM    000034
_ay                                       bssCOMRAM    000032
_az                                       bssCOMRAM    000030
_calcAccel                                text84       003738
_calcaRes                                 text78       002F64
_calcgRes                                 text77       002E36
_calcmRes                                 text76       002D9C
_cdc_data_rx                              (abs)        000540
_cdc_data_tx                              (abs)        000500
_cdc_mem_type                             bssBANK0     0000D9
_cdc_notice                               bssBANK1     000160
_cdc_rx_len                               bssCOMRAM    00004F
_cdc_trf_state                            bssCOMRAM    00004E
_cdc_tx_len                               bssBANK0     0000DA
_configDescriptor1                        mediumconst  007EF9
_constrainScales                          text75       0027F2
_contIMU                                  bssBANK0     0000C6
_controlTransferState                     bssCOMRAM    00004B
_control_signal_bitmap                    bssBANK0     0000D8
_dataIn                                   bssBANK0     0000D2
_dataOut                                  bssCOMRAM    000050
_device_dsc                               mediumconst  007F3C
_dummy_encapsulated_cmd_response          bssBANK1     0001E0
_endpoint_number                          bssCOMRAM    000049
_ep_data_in                               bssBANK0     0000BB
_ep_data_out                              bssBANK0     0000B8
_errno                                    bssBANK0     0000C4
_gBias                                    bssBANK1     000154
_gBiasRaw                                 bssBANK0     000094
_gRes                                     bssBANK0     0000B0
_gx                                       bssCOMRAM    00003A
_gy                                       bssCOMRAM    000038
_gz                                       bssCOMRAM    000036
_i2c1_fsmStateTable                       mediumconst  007E37
_inPipes                                  bssBANK0     0000A6
_initAccel                                text23       001FC8
_initGyro                                 text22       000FE4
_initGyro$4025                            cstackBANK0  0000F6
_initMag                                  text20       00251A
_line_coding                              bssBANK1     0001E8
_mBias                                    bssBANK1     00013C
_mBiasRaw                                 bssBANK1     00017C
_mReadByte                                text17       003B06
_mRes                                     bssBANK1     00018A
_mWriteByte                               text21       003B2E
_main                                     text0        001D6C
_memcpy                                   text95       003788
_memset                                   text9        00116C
_mx                                       bssCOMRAM    00002E
_my                                       bssCOMRAM    00002C
_myMessage                                bssBANK1     0001D2
_mz                                       bssBANK0     0000CC
_outPipes                                 bssBANK0     000086
_pBDTEntryEP0OutCurrent                   bssCOMRAM    00003E
_pBDTEntryEP0OutNext                      bssCOMRAM    00003C
_pBDTEntryIn                              bssBANK0     00009A
_pBDTEntryOut                             bssBANK0     0000A0
_pCDCDst                                  bssBANK0     0000BE
_pCDCSrc                                  bssBANK0     0000C1
_pDst                                     bssBANK0     0000CE
_ptrMessage                               dataBANK0    0000FE
_pushButtonStatus                         dataCOMRAM   000053
_putUSBUSART                              text83       003AB2
_putrsUSBUSART                            text5        00338E
_rd1RegCompleteHandler                    text63       0039F4
_rd2RegCompleteHandler                    text62       0039C4
_rdBlkRegCompleteHandler                  text60       003824
_readAccelALL                             text1        002C64
_readBuffer                               bssBANK1     000192
_sd000                                    mediumconst  007F5E
_sd001                                    mediumconst  007E9F
_sd002                                    mediumconst  007F4E
_shortPacketStatus                        bssCOMRAM    00004C
_stateLight                               dataCOMRAM   000054
_temperature                              bssBANK0     0000CA
_wr1RegCompleteHandler                    text61       003994
_wr2RegCompleteHandler                    text64       003A24
_writeBuffer                              bssBANK2     000200
_xgReadByte                               text16       003ADE
_xgReadBytes                              text2        00392C
_xgWriteByte                              text24       003B54
accelAvailableALL@status                  cstackBANK0  0000F3
btemp                                     temp         000055
calcAccel@accel                           cstackBANK0  0000F7
end_of_initialization                     cinit        0034D6
fabsf@F465                                bssBANK1     000182
i2USBDeviceInit@i                         cstackCOMRAM 00000D
i2USBTransferOnePacket@data               cstackCOMRAM 000002
i2USBTransferOnePacket@dir                cstackCOMRAM 000001
i2USBTransferOnePacket@ep                 cstackCOMRAM 000009
i2USBTransferOnePacket@handle             cstackCOMRAM 00000A
i2USBTransferOnePacket@len                cstackCOMRAM 000004
i2_USBDeviceInit                          text89       00171A
i2_USBTransferOnePacket                   text108      001C2E
i2_memset                                 text101      0012E4
i2memset@c                                cstackCOMRAM 000003
i2memset@dest                             cstackCOMRAM 000001
i2memset@k                                cstackCOMRAM 000009
i2memset@n                                cstackCOMRAM 000005
i2memset@s                                cstackCOMRAM 00000B
initAccel@tempRegValue                    cstackBANK0  0000F6
initGyro@tempRegValue                     cstackBANK0  0000F8
initMag@tempRegValue                      cstackBANK0  0000F6
int$flags                                 temp         000055
intlevel0                                 text         000000
intlevel1                                 text         000000
intlevel2                                 text         000000
intlevel3                                 text         000000
isa$std                                   (abs)        000001
isa$xinst                                 (abs)        000000
mReadByte@subAddress                      cstackBANK0  0000F2
mWriteByte@data                           cstackBANK0  0000F2
mWriteByte@subAddress                     cstackBANK0  0000F3
memcpy@d                                  cstackCOMRAM 000007
memcpy@d1                                 cstackCOMRAM 000001
memcpy@n                                  cstackCOMRAM 000005
memcpy@s                                  cstackCOMRAM 000009
memcpy@s1                                 cstackCOMRAM 000003
memcpy@tmp                                cstackCOMRAM 00000B
memset@c                                  cstackBANK0  0000DF
memset@dest                               cstackBANK0  0000DD
memset@k                                  cstackBANK0  0000E5
memset@n                                  cstackBANK0  0000E1
memset@s                                  cstackBANK0  0000E7
putUSBUSART@data                          cstackBANK0  0000DD
putUSBUSART@length                        cstackBANK0  0000DF
putrsUSBUSART@data                        cstackBANK0  0000DD
putrsUSBUSART@len                         cstackBANK0  0000E1
putrsUSBUSART@pData                       cstackBANK0  0000DF
rd1RegCompleteHandler@ptr                 cstackBANK0  0000E6
rd2RegCompleteHandler@ptr                 cstackBANK0  0000E6
rdBlkRegCompleteHandler@ptr               cstackBANK0  0000E6
readAccelALL@temp                         cstackBANK1  0001F2
stackhi                                   (abs)        0007FF
stacklo                                   (abs)        000580
start                                     init         00008E
start_initialization                      cinit        003476
ttemp5                                    temp         000056
ttemp6                                    temp         000059
ttemp7                                    temp         00005D
wr1RegCompleteHandler@ptr                 cstackBANK0  0000E6
wr2RegCompleteHandler@ptr                 cstackBANK0  0000E6
wtemp8                                    temp         000056
xgReadByte@subAddress                     cstackBANK0  0000F2
xgReadBytes@count                         cstackBANK0  0000FD
xgReadBytes@dest                          cstackBANK0  0000FB
xgReadBytes@subAddress                    cstackBANK1  0001EF
xgWriteByte@data                          cstackBANK0  0000F2
xgWriteByte@subAddress                    cstackBANK0  0000F3


MODULE INFORMATION

Module		Function		Class		Link	Load	Size
mcc_generated_files/examples/i2c1_master_example.c
		_wr1RegCompleteHandler		CODE           	3994	0000	48
		_wr2RegCompleteHandler		CODE           	3A24	0000	48
		_I2C1_ReadDataBlock		CODE           	3086	0000	136
		_I2C1_Write1ByteRegister		CODE           	3316	0000	120
		_rdBlkRegCompleteHandler		CODE           	3824	0000	68
		_rd1RegCompleteHandler		CODE           	39F4	0000	48
		_rd2RegCompleteHandler		CODE           	39C4	0000	48
		_I2C1_Read1ByteRegister		CODE           	3196	0000	130

mcc_generated_files/examples/i2c1_master_example.c estimated size: 646

mcc_generated_files/i2c1_master.c
		_I2C1_DO_SEND_RESTART		CODE           	3D58	0000	8
		_I2C1_DO_TX_EMPTY		CODE           	3218	0000	128
		_I2C1_DO_SEND_RESTART_READ		CODE           	3D68	0000	8
		_I2C1_CallbackReturnStop		CODE           	3D92	0000	4
		_I2C1_DO_RX    		CODE           	2BBA	0000	170
		_I2C1_DO_TX    		CODE           	28D8	0000	202
		_I2C1_SetAddressNackCallback		CODE           	3C54	0000	24
		_I2C1_DO_IDLE  		CODE           	3D1A	0000	12
		_I2C1_MasterOpen		CODE           	3BC2	0000	34
		_I2C1_DO_RCEN  		CODE           	3D0E	0000	12
		_I2C1_MasterSendTxData		CODE           	3D26	0000	10
		_I2C1_MasterStop		CODE           	3D96	0000	4
		_I2C1_CallbackReturnReset		CODE           	3D8E	0000	4
		_I2C1_DO_RESET 		CODE           	3D02	0000	12
		_I2C1_MasterStartRx		CODE           	3D8A	0000	4
		_I2C1_Poller   		CODE           	3C04	0000	30
		_I2C1_DO_RX_ACK		CODE           	3D48	0000	8
		_I2C1_MasterWaitForEvent		CODE           	3CD2	0000	16
		_I2C1_MasterSendNack		CODE           	3D7C	0000	6
		_I2C1_DO_RX_NACK_RESTART		CODE           	3D38	0000	8
		_I2C1_MasterDisableIrq		CODE           	3DA2	0000	4
		_I2C1_MasterOperation		CODE           	36E8	0000	80
		_I2C1_SetCallback		CODE           	3298	0000	126
		_I2C1_MasterEnableRestart		CODE           	3D9A	0000	4
		_I2C1_Open     		CODE           	2ECE	0000	150
		_I2C1_DO_ADDRESS_NACK		CODE           	34E4	0000	110
		_I2C1_SetBuffer		CODE           	3B9E	0000	36
		_I2C1_DO_SEND_RESTART_WRITE		CODE           	3D60	0000	8
		_I2C1_MasterClose		CODE           	3DA6	0000	4
		_I2C1_MasterWrite		CODE           	3D30	0000	8
		_I2C1_Initialize		CODE           	3C9A	0000	20
		_I2C1_Close    		CODE           	3A54	0000	48
		_I2C1_MasterIsNack		CODE           	3CAE	0000	20
		_I2C1_MasterStart		CODE           	3D9E	0000	4
		_I2C1_DO_SEND_ADR_WRITE		CODE           	3CE2	0000	16
		_I2C1_MasterClearIrq		CODE           	3DAA	0000	4
		_I2C1_SetDataCompleteCallback		CODE           	3C6C	0000	24
		_I2C1_DO_SEND_STOP		CODE           	3D50	0000	8
		_I2C1_MasterSendAck		CODE           	3D76	0000	6
		_I2C1_MasterFsm		CODE           	35C0	0000	100
		_I2C1_MasterGetRxData		CODE           	3D86	0000	4
		_I2C1_MasterSetIrq		CODE           	3D82	0000	4
		_I2C1_DO_SEND_ADR_READ		CODE           	3CF2	0000	16
		_I2C1_DO_RX_NACK_STOP		CODE           	3D40	0000	8

mcc_generated_files/i2c1_master.c estimated size: 1516

mcc_generated_files/interrupt_manager.c
		_INTERRUPT_Initialize		CODE           	3D70	0000	6
		_INTERRUPT_InterruptManagerHigh		CODE           	0008	0000	134

mcc_generated_files/interrupt_manager.c estimated size: 140

mcc_generated_files/pin_manager.c
		_PIN_MANAGER_Initialize		CODE           	38EC	0000	64

mcc_generated_files/pin_manager.c estimated size: 64

/opt/microchip/xc8/v2.32/pic/sources/c99/common/xxtofl.c
		___xxtofl      		CODE           	0C98	0000	440

/opt/microchip/xc8/v2.32/pic/sources/c99/common/xxtofl.c estimated size: 440

mcc_generated_files/usb/usb_device_cdc.c
		_CDCTxService  		CODE           	0AD0	0000	456
		_CDCInitEP     		CODE           	3624	0000	100
		_putUSBUSART   		CODE           	3AB2	0000	44
		_putrsUSBUSART 		CODE           	338E	0000	116
		_USBCheckCDCRequest		CODE           	2304	0000	268

mcc_generated_files/usb/usb_device_cdc.c estimated size: 984

/opt/microchip/xc8/v2.32/pic/sources/c99/common/memset.c
		_memset        		CODE           	116C	0000	376

/opt/microchip/xc8/v2.32/pic/sources/c99/common/memset.c estimated size: 376

shared
		_configDescriptor1		MEDIUMCONST    	7EF9	0000	67
		_USB_CD_Ptr    		MEDIUMCONST    	7E9D	0000	2
		_sd001         		MEDIUMCONST    	7E9F	0000	90
		_atanhi        		MEDIUMCONST    	0000	0000	0
		_sd002         		MEDIUMCONST    	7F4E	0000	16
		i2_USBDeviceInit		CODE           	171A	0000	332
		__initialization		CODE           	3476	0000	96
		_pi            		MEDIUMCONST    	0000	0000	0
		_device_dsc    		MEDIUMCONST    	7F3C	0000	18
		_i2c1_fsmStateTable		MEDIUMCONST    	7E37	0000	32
		_tiny          		MEDIUMCONST    	0000	0000	0
		_USB_SD_Ptr    		MEDIUMCONST    	7E8B	0000	6
		i2_memset      		CODE           	12E4	0000	374
		_sd000         		MEDIUMCONST    	7F5E	0000	4
		_aT            		MEDIUMCONST    	0000	0000	0
		i2_USBTransferOnePacket		CODE           	1C2E	0000	318
		_pi_lo         		MEDIUMCONST    	0000	0000	0
		_atanlo        		MEDIUMCONST    	0000	0000	0

shared estimated size: 1355

mcc_generated_files/usb/usb_device_events.c
		_USER_USB_CALLBACK_EVENT_HANDLER		CODE           	310E	0000	136

mcc_generated_files/usb/usb_device_events.c estimated size: 136

mcc_generated_files/mcc.c
		_OSCILLATOR_Initialize		CODE           	3BE4	0000	32
		_SYSTEM_Initialize		CODE           	3C22	0000	26

mcc_generated_files/mcc.c estimated size: 58

SparkFunLSM9DS1.c
		_mWriteByte    		CODE           	3B2E	0000	38
		_xgReadByte    		CODE           	3ADE	0000	40
		_xgReadBytes   		CODE           	392C	0000	52
		_initGyro      		CODE           	0FE4	0000	392
		_initAccel     		CODE           	1FC8	0000	286
		_LSM9DS1_defaultConfig		CODE           	0E50	0000	404
		_initMag       		CODE           	251A	0000	252
		_xgWriteByte   		CODE           	3B54	0000	38
		_constrainScales		CODE           	27F2	0000	230
		_readAccelALL  		CODE           	2C64	0000	156
		_calcAccel     		CODE           	3738	0000	80
		_LSM9DS1_I2CreadBytes		CODE           	3B7A	0000	36
		_calcaRes      		CODE           	2F64	0000	146
		_calcgRes      		CODE           	2E36	0000	152
		_calcmRes      		CODE           	2D9C	0000	154
		_mReadByte     		CODE           	3B06	0000	40
		_LSM9DS1_I2CreadByte		CODE           	3C3C	0000	24
		_LSM9DS1begin  		CODE           	2D00	0000	156
		_LSM9DS1_I2CwriteByte		CODE           	3C84	0000	22
		_accelAvailableALL		CODE           	3CC2	0000	16

SparkFunLSM9DS1.c estimated size: 2714

/opt/microchip/xc8/v2.32/pic/sources/c99/common/sprcmul.c
		___flmul       		CODE           	0092	0000	1210

/opt/microchip/xc8/v2.32/pic/sources/c99/common/sprcmul.c estimated size: 1210

main.c
		_main          		CODE           	1D6C	0000	310
		_Accelfloat    		CODE           	3552	0000	110

main.c estimated size: 420

/opt/microchip/xc8/v2.32/pic/sources/c99/common/memcpy.c
		_memcpy        		CODE           	3788	0000	80

/opt/microchip/xc8/v2.32/pic/sources/c99/common/memcpy.c estimated size: 80

mcc_generated_files/usb/usb_device.c
		_USBCtrlTrfInHandler		CODE           	2410	0000	266
		_USBTransferOnePacket		CODE           	19AA	0000	322
		_USBDeviceAttach		CODE           	3868	0000	66
		_USBStdGetDscHandler		CODE           	145A	0000	372
		_USBCtrlEPAllowDataStage		CODE           	2A5A	0000	180
		_USBStdFeatureReqHandler		CODE           	054C	0000	860
		_USBCtrlEPAllowStatusStage		CODE           	2616	0000	242
		_USBCtrlTrfSetupHandler		CODE           	2FF6	0000	144
		_USBCtrlTrfOutHandler		CODE           	3402	0000	116
		_USBCtrlEPServiceComplete		CODE           	1AEC	0000	322
		_USBSuspend    		CODE           	3A84	0000	46
		_USBStdSetCfgHandler		CODE           	2708	0000	234
		_USBStdGetStatusHandler		CODE           	21F6	0000	270
		_USBWakeFromSuspend		CODE           	38AA	0000	66
		_USBCtrlTrfRxService		CODE           	1866	0000	324
		_USBCtrlTrfTxService		CODE           	20E6	0000	272
		_USBEnableEndpoint		CODE           	37D8	0000	76
		_USBConfigureEndpoint		CODE           	2B0E	0000	172
		_USBDeviceInit 		CODE           	15CE	0000	332
		_USBIncrement1msInternalTimers		CODE           	3960	0000	52
		_USBCtrlEPService		CODE           	29A2	0000	184
		_USBStallHandler		CODE           	3688	0000	96
		_USBDeviceTasks		CODE           	08A8	0000	552
		_USBCheckStdRequest		CODE           	1EA2	0000	294

mcc_generated_files/usb/usb_device.c estimated size: 5860

